[2026-08-22T02:02:12.768Z][INFO] Command-line: 'C:\\Program Files\\Unity\\Hub\\Editor\\6000.5.1f1\\Editor\\Data\\Resources\\PackageManager\\Server\\UnityPackageManager.exe' server -s 67016 --ipc-path Unity-Upm-67016 -l 2 --log-file C:\\Users\\rober\\Desktop\\Ar_cell_Biology/Logs/upm.log
[2026-08-22T02:02:12.821Z][INFO] IPC server started (IPC path=Unity-Upm-67016).
[2026-08-22T02:02:12.821Z][INFO] Hint: To connect to this UPM instance, launch Unity with the command-line parameter -upmIpcPath Upm-67016.
[2026-08-22T02:02:40.152Z][INFO] project:list-packages <-- Request received
params: {}
[2026-08-22T02:02:40.269Z][INFO] config:project:get-registries <-- Request received
params: {}
[2026-08-22T02:02:40.297Z][INFO] project:list-packages <-- Request received
params: {}
[2026-08-22T02:02:40.392Z][INFO] project:update-dependencies <-- Request received
params: {}
[2026-08-22T02:02:40.511Z][INFO] project:update-dependencies --> 200 (119 ms)
[2026-08-22T02:02:40.542Z][INFO] project:resolve-packages <-- Request received
params: {}
[2026-08-22T02:02:40.787Z][INFO] config:project:get-registries --> 200 (519 ms)
[2026-08-22T02:02:41.209Z][INFO] project:list-packages --> 200 (911 ms)
[2026-08-22T02:02:41.222Z][INFO] project:list-packages --> 200 (1070 ms)
[2026-08-22T02:02:41.234Z][INFO] Downloading package [com.unity.package-manager.metadata-6000.5@0.0.93] from registry 'https://packages.unity.com'
[2026-08-22T02:02:41.778Z][INFO] Finished downloading package [com.unity.package-manager.metadata-6000.5@0.0.93] from registry 'https://packages.unity.com' (size: 11.4 kB, time: 544ms)
[2026-08-22T02:04:23.181Z][WARN] Requested version [2.2.1] for package [com.unity.xr.core-utils] overridden by minimum version [2.6.0].
[2026-08-22T02:04:23.181Z][WARN] Requested version [2.1.11] for package [com.unity.xr.legacyinputhelpers] overridden by minimum version [3.0.1].
[2026-08-22T02:04:23.181Z][WARN] Requested version [1.0.0] for package [com.unity.editorcoroutines] overridden by minimum version [1.1.0].
[2026-08-22T02:04:23.181Z][WARN] Requested version [1.0.3] for package [com.unity.settings-manager] overridden by minimum version [2.1.1].
[2026-08-22T02:04:23.181Z][WARN] Requested version [4.9.3] for package [com.unity.searcher] overridden by minimum version [4.9.4].
[2026-08-22T02:04:23.181Z][WARN] Requested version [1.8.14] for package [com.unity.burst] overridden by minimum version [1.8.29].
[2026-08-22T02:04:23.181Z][WARN] Requested version [3.2.0] for package [com.unity.test-framework.performance] overridden by minimum version [3.5.0].
[2026-08-22T02:04:23.183Z][INFO] project:resolve-packages --> 200 (102640 ms)
[2026-08-22T02:06:02.575Z][INFO] project:list-packages <-- Request received
params: {}
[2026-08-22T02:06:02.605Z][INFO] project:list-packages <-- Request received
params: {}
[2026-08-22T02:06:03.133Z][INFO] project:list-packages --> 200 (528 ms)
[2026-08-22T02:06:03.135Z][INFO] project:list-packages --> 200 (560 ms)
[2026-08-22T02:06:03.679Z][INFO] config:project:get-registries <-- Request received
params: {}
[2026-08-22T02:06:03.683Z][INFO] config:project:get-registries --> 200 (4 ms)
[2026-08-22T02:06:03.816Z][INFO] packages:get-all-packageinfo <-- Request received
params: {}
[2026-08-22T02:06:03.830Z][INFO] project:list-packages <-- Request received
params: {}
[2026-08-22T02:06:05.209Z][INFO] packages:get-all-packageinfo --> 200 (1393 ms)
[2026-08-22T02:06:05.457Z][INFO] project:list-packages --> 200 (1627 ms)
[2026-08-22T02:07:29.132Z][INFO] project:list-packages <-- Request received
params: {}
[2026-08-22T02:07:30.685Z][INFO] project:list-packages --> 200 (1553 ms)
[2026-08-22T02:07:31.857Z][INFO] project:list-packages <-- Request received
params: {}
[2026-08-22T02:07:32.448Z][INFO] project:list-packages --> 200 (591 ms)
[2026-08-22T02:07:49.226Z][INFO] project:list-packages <-- Request received
params: {}
[2026-08-22T02:07:49.240Z][INFO] project:list-packages <-- Request received
params: {}
[2026-08-22T02:07:49.661Z][INFO] config:project:get-registries <-- Request received
params: {}
[2026-08-22T02:07:49.670Z][INFO] project:list-packages --> 200 (444 ms)
[2026-08-22T02:07:49.671Z][INFO] project:list-packages --> 200 (431 ms)
[2026-08-22T02:07:49.677Z][INFO] config:project:get-registries --> 200 (16 ms)
[2026-08-22T02:07:50.432Z][INFO] packages:get-all-packageinfo <-- Request received
params: {}
[2026-08-22T02:07:51.162Z][INFO] packages:get-all-packageinfo --> 200 (730 ms)
[2026-08-22T02:08:01.864Z][INFO] packages:get-all-packageinfo <-- Request received
params: {}
[2026-08-22T02:08:01.881Z][INFO] packages:get-all-packageinfo <-- Request received
params: {}
[2026-08-22T02:08:04.499Z][INFO] packages:get-all-packageinfo --> 200 (2618 ms)
[2026-08-22T02:08:08.496Z][INFO] packages:get-all-packageinfo --> 200 (6632 ms)
[2026-08-22T02:08:09.389Z][INFO] project:list-packages <-- Request received
params: {}
[2026-08-22T02:08:11.469Z][INFO] project:list-packages --> 200 (2080 ms)
[2026-08-22T02:08:24.878Z][INFO] packages:get-packageinfo <-- Request received
params: {
  "packageId": "com.unity.addressables@2.9.1"
}
[2026-08-22T02:08:24.900Z][INFO] packages:get-packageinfo <-- Request received
params: {
  "packageId": "com.unity.ads.ios-support@1.0.1"
}
[2026-08-22T02:08:24.918Z][INFO] packages:get-packageinfo <-- Request received
params: {
  "packageId": "com.unity.collab-proxy@2.12.4"
}
[2026-08-22T02:08:24.934Z][INFO] packages:get-packageinfo <-- Request received
params: {
  "packageId": "com.unity.learn.iet-framework.authoring@1.5.4"
}
[2026-08-22T02:08:24.950Z][INFO] packages:get-packageinfo <-- Request received
params: {
  "packageId": "com.unity.microsoft.gdk@1.6.0"
}
[2026-08-22T02:08:24.954Z][INFO] packages:get-packageinfo <-- Request received
params: {
  "packageId": "com.unity.microsoft.gdk.tools@1.6.0"
}
[2026-08-22T02:08:24.975Z][INFO] packages:get-packageinfo <-- Request received
params: {
  "packageId": "com.unity.polyspatial.extensions@3.1.5"
}
[2026-08-22T02:08:24.987Z][INFO] packages:get-packageinfo <-- Request received
params: {
  "packageId": "com.unity.polyspatial.visionos@3.1.5"
}
[2026-08-22T02:08:25.004Z][INFO] packages:get-packageinfo <-- Request received
params: {
  "packageId": "com.unity.probuilder@6.0.9"
}
[2026-08-22T02:08:25.018Z][INFO] packages:get-packageinfo <-- Request received
params: {
  "packageId": "com.unity.project-auditor-rules@1.0.3"
}
[2026-08-22T02:08:25.120Z][INFO] packages:get-packageinfo --> 200 (186 ms)
[2026-08-22T02:08:25.121Z][INFO] packages:get-packageinfo --> 200 (221 ms)
[2026-08-22T02:08:25.122Z][INFO] packages:get-packageinfo --> 200 (168 ms)
[2026-08-22T02:08:25.122Z][INFO] packages:get-packageinfo --> 200 (148 ms)
[2026-08-22T02:08:25.123Z][INFO] packages:get-packageinfo --> 200 (105 ms)
[2026-08-22T02:08:25.125Z][INFO] packages:get-packageinfo --> 200 (207 ms)
[2026-08-22T02:08:25.127Z][INFO] packages:get-packageinfo --> 200 (140 ms)
[2026-08-22T02:08:25.132Z][INFO] packages:get-packageinfo --> 200 (254 ms)
[2026-08-22T02:08:25.134Z][INFO] packages:get-packageinfo --> 200 (184 ms)
[2026-08-22T02:08:25.138Z][INFO] packages:get-packageinfo --> 200 (134 ms)
[2026-08-22T02:08:25.138Z][INFO] packages:get-packageinfo <-- Request received
params: {
  "packageId": "com.unity.scriptablebuildpipeline@2.6.1"
}
[2026-08-22T02:08:25.150Z][INFO] packages:get-packageinfo <-- Request received
params: {
  "packageId": "com.unity.services.friends@1.1.1"
}
[2026-08-22T02:08:25.169Z][INFO] packages:get-packageinfo <-- Request received
params: {
  "packageId": "com.unity.services.moderation@1.0.2"
}
[2026-08-22T02:08:25.203Z][INFO] packages:get-packageinfo <-- Request received
params: {
  "packageId": "com.unity.services.multiplayer@2.1.3"
}
[2026-08-22T02:08:25.205Z][INFO] packages:get-packageinfo <-- Request received
params: {
  "packageId": "com.unity.xr.androidxr-openxr@1.3.1"
}
[2026-08-22T02:08:25.220Z][INFO] packages:get-packageinfo <-- Request received
params: {
  "packageId": "com.unity.xr.compositionlayers@2.4.0"
}
[2026-08-22T02:08:25.222Z][INFO] packages:get-packageinfo <-- Request received
params: {
  "packageId": "com.unity.xr.hands@1.8.1"
}
[2026-08-22T02:08:25.254Z][INFO] packages:get-packageinfo <-- Request received
params: {
  "packageId": "com.unity.xr.openxr@1.17.1"
}
[2026-08-22T02:08:25.256Z][INFO] packages:get-packageinfo <-- Request received
params: {
  "packageId": "com.unity.xr.visionos@3.1.5"
}
[2026-08-22T02:08:25.354Z][INFO] packages:get-packageinfo --> 200 (204 ms)
[2026-08-22T02:08:25.355Z][INFO] packages:get-packageinfo --> 200 (186 ms)
[2026-08-22T02:08:25.356Z][INFO] packages:get-packageinfo --> 200 (153 ms)
[2026-08-22T02:08:25.360Z][INFO] packages:get-packageinfo --> 200 (222 ms)
[2026-08-22T02:08:25.360Z][INFO] packages:get-packageinfo --> 200 (140 ms)
[2026-08-22T02:08:25.361Z][INFO] packages:get-packageinfo --> 200 (156 ms)
[2026-08-22T02:08:25.362Z][INFO] packages:get-packageinfo --> 200 (140 ms)
[2026-08-22T02:08:25.366Z][INFO] packages:get-packageinfo --> 200 (110 ms)
[2026-08-22T02:08:25.368Z][INFO] packages:get-packageinfo --> 200 (114 ms)
[2026-08-22T02:31:14.233Z][INFO] project:list-packages <-- Request received
params: {}
[2026-08-22T02:31:14.250Z][INFO] project:list-packages <-- Request received
params: {}
[2026-08-22T02:31:14.268Z][INFO] packages:get-all-packageinfo <-- Request received
params: {}
[2026-08-22T02:31:14.282Z][INFO] project:list-packages <-- Request received
params: {}
[2026-08-22T02:31:14.297Z][INFO] project:list-packages <-- Request received
params: {}
[2026-08-22T02:31:16.162Z][INFO] project:list-packages --> 200 (1912 ms)
[2026-08-22T02:31:16.165Z][INFO] project:list-packages --> 200 (1867 ms)
[2026-08-22T02:31:18.046Z][INFO] packages:get-all-packageinfo --> 200 (3778 ms)
[2026-08-22T02:31:19.462Z][INFO] project:list-packages --> 200 (5229 ms)
[2026-08-22T02:31:19.464Z][INFO] project:list-packages --> 200 (5182 ms)
[2026-08-22T02:31:51.823Z][INFO] packages:get-packageinfo <-- Request received
params: {
  "packageId": "com.unity.cloud.gltfast"
}
[2026-08-22T02:31:52.404Z][INFO] packages:get-packageinfo --> 200 (581 ms)
[2026-08-22T02:31:52.443Z][INFO] project:add-remove-dependencies <-- Request received
params: {}
[2026-08-22T02:31:57.303Z][INFO] project:add-remove-dependencies --> 200 (4861 ms)
[2026-08-22T02:31:57.382Z][INFO] project:add-remove-dependencies <-- Request received
params: {}
[2026-08-22T02:31:58.045Z][INFO] project:add-remove-dependencies --> 200 (663 ms)
[2026-08-22T02:31:58.174Z][INFO] project:resolve-packages <-- Request received
params: {}
[2026-08-22T02:31:58.505Z][WARN] Requested version [2.2.1] for package [com.unity.xr.core-utils] overridden by minimum version [2.6.0].
[2026-08-22T02:31:58.505Z][WARN] Requested version [2.1.11] for package [com.unity.xr.legacyinputhelpers] overridden by minimum version [3.0.1].
[2026-08-22T02:31:58.505Z][WARN] Requested version [1.0.0] for package [com.unity.editorcoroutines] overridden by minimum version [1.1.0].
[2026-08-22T02:31:58.505Z][WARN] Requested version [1.0.3] for package [com.unity.settings-manager] overridden by minimum version [2.1.1].
[2026-08-22T02:31:58.505Z][WARN] Requested version [4.9.3] for package [com.unity.searcher] overridden by minimum version [4.9.4].
[2026-08-22T02:31:58.505Z][WARN] Requested version [3.2.0] for package [com.unity.test-framework.performance] overridden by minimum version [3.5.0].
[2026-08-22T02:31:58.506Z][INFO] project:resolve-packages --> 200 (332 ms)
[2026-08-22T02:31:58.600Z][INFO] config:project:get-registries <-- Request received
params: {}
[2026-08-22T02:31:58.604Z][INFO] config:project:get-registries --> 200 (5 ms)
[2026-08-22T02:31:58.617Z][INFO] project:list-packages <-- Request received
params: {}
[2026-08-22T02:31:59.839Z][INFO] project:list-packages --> 200 (1221 ms)
[2026-08-22T02:32:56.773Z][INFO] project:list-packages <-- Request received
params: {}
[2026-08-22T02:32:56.812Z][INFO] project:list-packages <-- Request received
params: {}
[2026-08-22T02:32:56.996Z][INFO] project:list-packages <-- Request received
params: {}
[2026-08-22T02:32:57.269Z][INFO] config:project:get-registries <-- Request received
params: {}
[2026-08-22T02:32:57.292Z][INFO] config:project:get-registries --> 200 (23 ms)
[2026-08-22T02:32:57.484Z][INFO] project:list-packages --> 200 (711 ms)
[2026-08-22T02:32:57.535Z][INFO] project:list-packages --> 200 (723 ms)
[2026-08-22T02:32:57.643Z][INFO] project:list-packages --> 200 (647 ms)
[2026-08-22T02:32:58.866Z][INFO] project:list-packages <-- Request received
params: {}
[2026-08-22T02:32:58.881Z][INFO] project:list-packages <-- Request received
params: {}
[2026-08-22T02:32:59.410Z][INFO] project:list-packages --> 200 (529 ms)
[2026-08-22T02:33:02.247Z][INFO] project:list-packages --> 200 (3381 ms)
[2026-08-22T02:33:03.725Z][INFO] project:list-packages <-- Request received
params: {}
[2026-08-22T02:33:04.040Z][INFO] project:list-packages --> 200 (315 ms)
[2026-08-22T02:33:04.450Z][INFO] project:list-packages <-- Request received
params: {}
[2026-08-22T02:33:04.728Z][INFO] project:list-packages --> 200 (278 ms)
[2026-08-22T02:41:10.063Z][INFO] project:list-packages <-- Request received
params: {}
[2026-08-22T02:41:10.407Z][INFO] project:list-packages --> 200 (344 ms)
[2026-08-22T02:41:10.787Z][INFO] project:list-packages <-- Request received
params: {}
[2026-08-22T02:41:11.161Z][INFO] config:project:get-registries <-- Request received
params: {}
[2026-08-22T02:41:11.428Z][INFO] config:project:get-registries --> 200 (267 ms)
[2026-08-22T02:41:12.208Z][INFO] project:list-packages --> 200 (1421 ms)
[2026-08-22T02:41:12.551Z][INFO] project:list-packages <-- Request received
params: {}
[2026-08-22T02:41:12.568Z][INFO] project:list-packages <-- Request received
params: {}
[2026-08-22T02:41:13.368Z][INFO] project:list-packages --> 200 (800 ms)
[2026-08-22T02:41:14.486Z][INFO] project:list-packages <-- Request received
params: {}
[2026-08-22T02:41:14.856Z][INFO] project:list-packages --> 200 (370 ms)
[2026-08-22T02:41:15.510Z][INFO] project:list-packages --> 200 (2959 ms)
[2026-08-22T02:50:47.984Z][INFO] project:list-packages <-- Request received
params: {}
[2026-08-22T02:50:48.143Z][INFO] project:list-packages <-- Request received
params: {}
[2026-08-22T02:50:48.330Z][INFO] project:list-packages --> 200 (346 ms)
[2026-08-22T02:50:48.418Z][INFO] config:project:get-registries <-- Request received
params: {}
[2026-08-22T02:50:48.423Z][INFO] config:project:get-registries --> 200 (5 ms)
[2026-08-22T02:50:48.524Z][INFO] project:list-packages --> 200 (381 ms)
[2026-08-22T02:50:49.166Z][INFO] project:list-packages <-- Request received
params: {}
[2026-08-22T02:50:49.180Z][INFO] project:list-packages <-- Request received
params: {}
[2026-08-22T02:50:49.432Z][INFO] project:list-packages --> 200 (252 ms)
[2026-08-22T02:50:50.482Z][INFO] project:list-packages <-- Request received
params: {}
[2026-08-22T02:50:50.781Z][INFO] project:list-packages --> 200 (299 ms)
[2026-08-22T02:50:51.953Z][INFO] project:list-packages --> 200 (2787 ms)
[2026-08-22T02:51:37.246Z][INFO] project:list-packages <-- Request received
params: {}
[2026-08-22T02:51:37.403Z][INFO] project:list-packages <-- Request received
params: {}
[2026-08-22T02:51:37.691Z][INFO] config:project:get-registries <-- Request received
params: {}
[2026-08-22T02:51:37.748Z][INFO] project:list-packages --> 200 (344 ms)
[2026-08-22T02:51:37.748Z][INFO] config:project:get-registries --> 200 (57 ms)
[2026-08-22T02:51:37.755Z][INFO] project:list-packages --> 200 (510 ms)
[2026-08-22T02:51:38.436Z][INFO] project:list-packages <-- Request received
params: {}
[2026-08-22T02:51:38.465Z][INFO] project:list-packages <-- Request received
params: {}
[2026-08-22T02:51:38.713Z][INFO] project:list-packages --> 200 (248 ms)
[2026-08-22T02:51:39.888Z][INFO] project:list-packages <-- Request received
params: {}
[2026-08-22T02:51:40.191Z][INFO] project:list-packages --> 200 (303 ms)
[2026-08-22T02:51:41.024Z][INFO] project:list-packages --> 200 (2588 ms)
[2026-08-22T02:54:15.396Z][INFO] project:list-packages <-- Request received
params: {}
[2026-08-22T02:54:15.561Z][INFO] project:list-packages <-- Request received
params: {}
[2026-08-22T02:54:15.694Z][INFO] project:list-packages --> 200 (299 ms)
[2026-08-22T02:54:15.810Z][INFO] config:project:get-registries <-- Request received
params: {}
[2026-08-22T02:54:15.817Z][INFO] config:project:get-registries --> 200 (7 ms)
[2026-08-22T02:54:15.919Z][INFO] project:list-packages --> 200 (358 ms)
[2026-08-22T02:54:16.557Z][INFO] project:list-packages <-- Request received
params: {}
[2026-08-22T02:54:16.578Z][INFO] project:list-packages <-- Request received
params: {}
[2026-08-22T02:54:16.815Z][INFO] project:list-packages --> 200 (237 ms)
[2026-08-22T02:54:17.909Z][INFO] project:list-packages <-- Request received
params: {}
[2026-08-22T02:54:18.167Z][INFO] project:list-packages --> 200 (258 ms)
[2026-08-22T02:54:19.713Z][INFO] project:list-packages --> 200 (3156 ms)
[2026-08-22T02:54:53.389Z][INFO] project:list-packages <-- Request received
params: {}
[2026-08-22T02:54:53.595Z][INFO] project:list-packages <-- Request received
params: {}
[2026-08-22T02:54:53.699Z][INFO] project:list-packages --> 200 (310 ms)
[2026-08-22T02:54:53.836Z][INFO] config:project:get-registries <-- Request received
params: {}
[2026-08-22T02:54:53.870Z][INFO] config:project:get-registries --> 200 (34 ms)
[2026-08-22T02:54:53.915Z][INFO] project:list-packages --> 200 (320 ms)
[2026-08-22T02:54:54.694Z][INFO] project:list-packages <-- Request received
params: {}
[2026-08-22T02:54:54.709Z][INFO] project:list-packages <-- Request received
params: {}
[2026-08-22T02:54:54.953Z][INFO] project:list-packages --> 200 (244 ms)
[2026-08-22T02:54:58.593Z][INFO] project:list-packages --> 200 (3899 ms)
[2026-08-22T02:55:02.798Z][INFO] project:list-packages <-- Request received
params: {}
[2026-08-22T02:55:03.053Z][INFO] project:list-packages --> 200 (255 ms)
[2026-08-22T02:55:34.162Z][INFO] project:list-packages <-- Request received
params: {}
[2026-08-22T02:55:34.346Z][INFO] project:list-packages <-- Request received
params: {}
[2026-08-22T02:55:34.437Z][INFO] project:list-packages --> 200 (275 ms)
[2026-08-22T02:55:34.573Z][INFO] config:project:get-registries <-- Request received
params: {}
[2026-08-22T02:55:34.580Z][INFO] config:project:get-registries --> 200 (7 ms)
[2026-08-22T02:55:34.623Z][INFO] project:list-packages --> 200 (277 ms)
[2026-08-22T02:55:35.309Z][INFO] project:list-packages <-- Request received
params: {}
[2026-08-22T02:55:35.337Z][INFO] project:list-packages <-- Request received
params: {}
[2026-08-22T02:55:35.633Z][INFO] project:list-packages --> 200 (296 ms)
[2026-08-22T02:55:36.685Z][INFO] project:list-packages <-- Request received
params: {}
[2026-08-22T02:55:36.939Z][INFO] project:list-packages --> 200 (254 ms)
[2026-08-22T02:55:38.291Z][INFO] project:list-packages --> 200 (2982 ms)
[2026-08-22T03:24:16.402Z][INFO] project:list-packages <-- Request received
params: {}
[2026-08-22T03:24:16.557Z][INFO] project:list-packages <-- Request received
params: {}
[2026-08-22T03:24:16.702Z][INFO] project:list-packages --> 200 (300 ms)
[2026-08-22T03:24:16.791Z][INFO] config:project:get-registries <-- Request received
params: {}
[2026-08-22T03:24:16.817Z][INFO] config:project:get-registries --> 200 (26 ms)
[2026-08-22T03:24:16.858Z][INFO] project:list-packages --> 200 (301 ms)
[2026-08-22T03:24:17.578Z][INFO] project:list-packages <-- Request received
params: {}
[2026-08-22T03:24:17.607Z][INFO] project:list-packages <-- Request received
params: {}
[2026-08-22T03:24:17.891Z][INFO] project:list-packages --> 200 (284 ms)
[2026-08-22T03:24:18.906Z][INFO] project:list-packages <-- Request received
params: {}
[2026-08-22T03:24:19.180Z][INFO] project:list-packages --> 200 (274 ms)
[2026-08-22T03:24:20.146Z][INFO] project:list-packages --> 200 (2568 ms)
[2026-08-22T03:24:44.714Z][INFO] project:list-packages <-- Request received
params: {}
[2026-08-22T03:24:44.904Z][INFO] project:list-packages <-- Request received
params: {}
[2026-08-22T03:24:45.006Z][INFO] project:list-packages --> 200 (292 ms)
[2026-08-22T03:24:45.138Z][INFO] config:project:get-registries <-- Request received
params: {}
[2026-08-22T03:24:45.146Z][INFO] config:project:get-registries --> 200 (8 ms)
[2026-08-22T03:24:45.180Z][INFO] project:list-packages --> 200 (276 ms)
[2026-08-22T03:24:45.915Z][INFO] project:list-packages <-- Request received
params: {}
[2026-08-22T03:24:45.930Z][INFO] project:list-packages <-- Request received
params: {}
[2026-08-22T03:24:46.402Z][INFO] project:list-packages --> 200 (487 ms)
[2026-08-22T03:24:46.441Z][INFO] project:list-packages --> 200 (511 ms)
[2026-08-22T03:24:47.241Z][INFO] project:list-packages <-- Request received
params: {}
[2026-08-22T03:24:47.561Z][INFO] project:list-packages --> 200 (320 ms)
[2026-08-22T04:16:37.801Z][INFO] project:list-packages <-- Request received
params: {}
[2026-08-22T04:16:37.955Z][INFO] project:list-packages <-- Request received
params: {}
[2026-08-22T04:16:38.306Z][INFO] config:project:get-registries <-- Request received
params: {}
[2026-08-22T04:16:38.497Z][INFO] config:project:get-registries --> 200 (190 ms)
[2026-08-22T04:16:39.440Z][INFO] project:list-packages --> 200 (1485 ms)
[2026-08-22T04:16:39.442Z][INFO] project:list-packages --> 200 (1653 ms)
[2026-08-22T04:16:39.875Z][INFO] project:list-packages <-- Request received
params: {}
[2026-08-22T04:16:41.194Z][ERROR] Error: Request [GET https://packages.unity.com/com.unity.editorcoroutines] failed with status code [503]
[2026-08-22T04:16:42.969Z][INFO] project:list-packages --> 200 (3094 ms)
[2026-08-22T04:16:44.178Z][INFO] project:list-packages <-- Request received
params: {}
[2026-08-22T04:16:44.620Z][INFO] project:list-packages --> 200 (442 ms)
[2026-08-22T04:17:18.327Z][INFO] project:list-packages <-- Request received
params: {}
[2026-08-22T04:17:18.530Z][INFO] project:list-packages <-- Request received
params: {}
[2026-08-22T04:17:18.668Z][INFO] project:list-packages --> 200 (341 ms)
[2026-08-22T04:17:18.857Z][INFO] config:project:get-registries <-- Request received
params: {}
[2026-08-22T04:17:18.870Z][INFO] config:project:get-registries --> 200 (13 ms)
[2026-08-22T04:17:18.974Z][INFO] project:list-packages --> 200 (444 ms)
[2026-08-22T04:17:19.859Z][INFO] project:list-packages <-- Request received
params: {}
[2026-08-22T04:17:22.971Z][INFO] project:list-packages --> 200 (3112 ms)
[2026-08-22T04:17:23.049Z][INFO] project:list-packages <-- Request received
params: {}
[2026-08-22T04:17:23.328Z][INFO] project:list-packages --> 200 (279 ms)
[2026-08-22T04:18:14.003Z][INFO] project:list-packages <-- Request received
params: {}
[2026-08-22T04:18:16.638Z][INFO] project:list-packages --> 200 (2635 ms)
[2026-08-22T04:18:52.308Z][INFO] project:list-packages <-- Request received
params: {}
[2026-08-22T04:18:52.498Z][INFO] project:list-packages <-- Request received
params: {}
[2026-08-22T04:18:52.677Z][INFO] project:list-packages --> 200 (369 ms)
[2026-08-22T04:18:52.781Z][INFO] config:project:get-registries <-- Request received
params: {}
[2026-08-22T04:18:52.815Z][INFO] config:project:get-registries --> 200 (34 ms)
[2026-08-22T04:18:52.862Z][INFO] project:list-packages --> 200 (364 ms)
[2026-08-22T04:18:53.633Z][INFO] project:list-packages <-- Request received
params: {}
[2026-08-22T04:18:56.251Z][INFO] project:list-packages --> 200 (2618 ms)
[2026-08-22T04:18:56.774Z][INFO] project:list-packages <-- Request received
params: {}
[2026-08-22T04:18:57.025Z][INFO] project:list-packages --> 200 (251 ms)
[2026-08-22T04:21:17.828Z][INFO] project:list-packages <-- Request received
params: {}
[2026-08-22T04:21:18.054Z][INFO] project:list-packages <-- Request received
params: {}
[2026-08-22T04:21:18.190Z][INFO] project:list-packages --> 200 (362 ms)
[2026-08-22T04:21:18.347Z][INFO] config:project:get-registries <-- Request received
params: {}
[2026-08-22T04:21:18.359Z][INFO] config:project:get-registries --> 200 (12 ms)
[2026-08-22T04:21:18.410Z][INFO] project:list-packages --> 200 (356 ms)
[2026-08-22T04:21:19.145Z][INFO] project:list-packages <-- Request received
params: {}
[2026-08-22T04:21:19.159Z][INFO] project:list-packages <-- Request received
params: {}
[2026-08-22T04:21:19.495Z][INFO] project:list-packages --> 200 (336 ms)
[2026-08-22T04:21:20.567Z][INFO] project:list-packages <-- Request received
params: {}
[2026-08-22T04:21:20.935Z][INFO] project:list-packages --> 200 (368 ms)
[2026-08-22T04:21:22.516Z][INFO] project:list-packages --> 200 (3371 ms)
